..........FF..............FF....FF.FFFFFFF....................F......... [ 87%]
F....FFF..                                                               [100%]
================================== FAILURES ===================================
E   src.parser.ParseError: Trailing tokens after command: Token(NUMBER, 5)
C:\Users\eisra\SPEAKMATH\SpeakMath\src\parser.py:81: src.parser.ParseError: Trailing tokens after command: Token(NUMBER, 5)
E   src.parser.ParseError: Trailing tokens after command: Token(NUMBER, 5)
C:\Users\eisra\SPEAKMATH\SpeakMath\src\parser.py:81: src.parser.ParseError: Trailing tokens after command: Token(NUMBER, 5)
E   assert [12.0, 10.0, 8.0] == [8, 6, 4]
      
      At index 0 diff: 12.0 != 8
      Use -v to get more diff
---------------------------- Captured stdout call -----------------------------
  \u2139\ufe0f  [AI] Resolution: 'subtract' \u2192 OP_MAP\n      Reasoning: The phrase 'subtract' refers to a basic arithmetic operation (subtraction), which is not explicitly listed among the available operators ('OP_MAX', 'OP_MAP', 'OP_MEAN', 'OP_SUM', 'OP_ASSIGN', 'OP_MIN', 'OP_SORT_ASC', 'OP_IF', 'OP_PRODUCT', 'OP_REDUCE', 'OP_SORT_DESC', 'OP_PRINT').
C:\Users\eisra\SPEAKMATH\SpeakMath\tests\test_deliverable_6_comprehensive.py:264: assert [12.0, 10.0, 8.0] == [8, 6, 4]
E   assert [12.0, 22.0, 32.0] == [5.0, 10.0, 15.0]
      
      At index 0 diff: 12.0 != 5.0
      Use -v to get more diff
---------------------------- Captured stdout call -----------------------------
  \u2139\ufe0f  [AI] Resolution: 'divide' \u2192 OP_MAP\n      Reasoning: The term 'divide' refers to the arithmetic operation of division. None of the available SpeakMath operators (OP_MAX, OP_MAP, OP_MEAN, OP_SUM, OP_ASSIGN, OP_MIN, OP_SORT_ASC, OP_IF, OP_PRODUCT, OP_REDUCE, OP_SORT_DESC, OP_PRINT) directly represent division.
C:\Users\eisra\SPEAKMATH\SpeakMath\tests\test_deliverable_6_comprehensive.py:269: assert [12.0, 22.0, 32.0] == [5.0, 10.0, 15.0]
E   src.parser.ParseError: Expected operation after reduce
C:\Users\eisra\SPEAKMATH\SpeakMath\src\parser.py:325: src.parser.ParseError: Expected operation after reduce
E   src.parser.ParseError: Expected operation after reduce
C:\Users\eisra\SPEAKMATH\SpeakMath\src\parser.py:325: src.parser.ParseError: Expected operation after reduce
E   src.parser.ParseError: Expected operator (<, >, ==) after filter
C:\Users\eisra\SPEAKMATH\SpeakMath\src\parser.py:356: src.parser.ParseError: Expected operator (<, >, ==) after filter
E   src.parser.ParseError: Expected operator (<, >, ==) after filter
C:\Users\eisra\SPEAKMATH\SpeakMath\src\parser.py:356: src.parser.ParseError: Expected operator (<, >, ==) after filter
E   src.parser.ParseError: Expected operator (<, >, ==) after filter
C:\Users\eisra\SPEAKMATH\SpeakMath\src\parser.py:356: src.parser.ParseError: Expected operator (<, >, ==) after filter
E   src.parser.ParseError: Expected operator (<, >, ==) after filter
C:\Users\eisra\SPEAKMATH\SpeakMath\src\parser.py:356: src.parser.ParseError: Expected operator (<, >, ==) after filter
E   src.parser.ParseError: Expected THEN got REDUCE (reduce) at 30
C:\Users\eisra\SPEAKMATH\SpeakMath\src\parser.py:62: src.parser.ParseError: Expected THEN got REDUCE (reduce) at 30
E   src.parser.ParseError: Trailing tokens after command: Token(NUMBER, 5)
C:\Users\eisra\SPEAKMATH\SpeakMath\src\parser.py:81: src.parser.ParseError: Trailing tokens after command: Token(NUMBER, 5)
E   src.parser.ParseError: Expected operator (<, >, ==) after filter
C:\Users\eisra\SPEAKMATH\SpeakMath\src\parser.py:356: src.parser.ParseError: Expected operator (<, >, ==) after filter
E   src.parser.ParseError: Expected THEN got REDUCE (reduce) at 30
C:\Users\eisra\SPEAKMATH\SpeakMath\src\parser.py:62: src.parser.ParseError: Expected THEN got REDUCE (reduce) at 30
E   Failed: DID NOT RAISE <class 'src.interpreter.SemanticError'>
---------------------------- Captured stdout call -----------------------------
\n(LLM quota/rate limit exceeded: 429 You exceeded your current quota, please check your plan and billing details. For more information on this error, head to: https://ai.google.dev/gemini-api/docs/rate-limits. To monitor your current usage, head to: https://ai.dev/usage?tab=rate-limit. \n* Quota exceeded for metric: generativelanguage.googleapis.com/generate_content_free_tier_requests, limit: 5, model: gemini-2.5-flash\nPlease retry in 25.155052375s. [links {\n  description: "Learn more about Gemini API quotas"\n  url: "https://ai.google.dev/gemini-api/docs/rate-limits"\n}\n, violations {\n  quota_metric: "generativelanguage.googleapis.com/generate_content_free_tier_requests"\n  quota_id: "GenerateRequestsPerMinutePerProjectPerModel-FreeTier"\n  quota_dimensions {\n    key: "model"\n    value: "gemini-2.5-flash"\n  }\n  quota_dimensions {\n    key: "location"\n    value: "global"\n  }\n  quota_value: 5\n}\n, retry_delay {\n  seconds: 25\n}\n])\n  \u2139\ufe0f  [Local] Resolution: 'divide' \u2192 OP_MAP
C:\Users\eisra\SPEAKMATH\SpeakMath\tests\test_deliverable_6_comprehensive.py:846: Failed: DID NOT RAISE <class 'src.interpreter.SemanticError'>
E   src.parser.ParseError: Unexpected token in factor: Token(ADDOP, -)
C:\Users\eisra\SPEAKMATH\SpeakMath\src\parser.py:469: src.parser.ParseError: Unexpected token in factor: Token(ADDOP, -)
E   src.parser.ParseError: Unexpected token in factor: Token(FILTER, filter)
C:\Users\eisra\SPEAKMATH\SpeakMath\src\parser.py:469: src.parser.ParseError: Unexpected token in factor: Token(FILTER, filter)
E   src.parser.ParseError: Unexpected token in factor: Token(MEAN, mean)
C:\Users\eisra\SPEAKMATH\SpeakMath\src\parser.py:469: src.parser.ParseError: Unexpected token in factor: Token(MEAN, mean)
============================== warnings summary ===============================
.venv\Lib\site-packages\httplib2\auth.py:19
  C:\Users\eisra\SPEAKMATH\SpeakMath\.venv\Lib\site-packages\httplib2\auth.py:19: DeprecationWarning: 'setName' deprecated - use 'set_name'
    token = pp.Word(tchar).setName("token")

.venv\Lib\site-packages\httplib2\auth.py:20
  C:\Users\eisra\SPEAKMATH\SpeakMath\.venv\Lib\site-packages\httplib2\auth.py:20: DeprecationWarning: 'leaveWhitespace' deprecated - use 'leave_whitespace'
    token68 = pp.Combine(pp.Word("-._~+/" + pp.nums + pp.alphas) + pp.Optional(pp.Word("=").leaveWhitespace())).setName(

.venv\Lib\site-packages\httplib2\auth.py:20
  C:\Users\eisra\SPEAKMATH\SpeakMath\.venv\Lib\site-packages\httplib2\auth.py:20: DeprecationWarning: 'setName' deprecated - use 'set_name'
    token68 = pp.Combine(pp.Word("-._~+/" + pp.nums + pp.alphas) + pp.Optional(pp.Word("=").leaveWhitespace())).setName(

.venv\Lib\site-packages\httplib2\auth.py:24
  C:\Users\eisra\SPEAKMATH\SpeakMath\.venv\Lib\site-packages\httplib2\auth.py:24: DeprecationWarning: 'setName' deprecated - use 'set_name'
    quoted_string = pp.dblQuotedString.copy().setName("quoted-string").setParseAction(unquote)

.venv\Lib\site-packages\httplib2\auth.py:24
  C:\Users\eisra\SPEAKMATH\SpeakMath\.venv\Lib\site-packages\httplib2\auth.py:24: DeprecationWarning: 'setParseAction' deprecated - use 'set_parse_action'
    quoted_string = pp.dblQuotedString.copy().setName("quoted-string").setParseAction(unquote)

.venv\Lib\site-packages\httplib2\auth.py:25
  C:\Users\eisra\SPEAKMATH\SpeakMath\.venv\Lib\site-packages\httplib2\auth.py:25: DeprecationWarning: 'setName' deprecated - use 'set_name'
    auth_param_name = token.copy().setName("auth-param-name").addParseAction(downcaseTokens)

.venv\Lib\site-packages\httplib2\auth.py:25
  C:\Users\eisra\SPEAKMATH\SpeakMath\.venv\Lib\site-packages\httplib2\auth.py:25: DeprecationWarning: 'addParseAction' deprecated - use 'add_parse_action'
    auth_param_name = token.copy().setName("auth-param-name").addParseAction(downcaseTokens)

.venv\Lib\site-packages\httplib2\auth.py:27
  C:\Users\eisra\SPEAKMATH\SpeakMath\.venv\Lib\site-packages\httplib2\auth.py:27: DeprecationWarning: 'delimitedList' deprecated - use 'DelimitedList'
    params = pp.Dict(pp.delimitedList(pp.Group(auth_param)))

.venv\Lib\site-packages\httplib2\auth.py:33
  C:\Users\eisra\SPEAKMATH\SpeakMath\.venv\Lib\site-packages\httplib2\auth.py:33: DeprecationWarning: 'delimitedList' deprecated - use 'DelimitedList'
    www_authenticate = pp.delimitedList(pp.Group(challenge))

src\llm_layer.py:6
  C:\Users\eisra\SPEAKMATH\SpeakMath\src\llm_layer.py:6: FutureWarning: 
  
  All support for the `google.generativeai` package has ended. It will no longer be receiving 
  updates or bug fixes. Please switch to the `google.genai` package as soon as possible.
  See README for more details:
  
  https://github.com/google-gemini/deprecated-generative-ai-python/blob/main/README.md
  
    import google.generativeai as genai

-- Docs: https://docs.pytest.org/en/stable/how-to/capture-warnings.html
=========================== short test summary info ===========================
FAILED tests/test_deliverable_6_comprehensive.py::TestSortingOperations::test_sort_ascending
FAILED tests/test_deliverable_6_comprehensive.py::TestSortingOperations::test_sort_descending
FAILED tests/test_deliverable_6_comprehensive.py::TestMapOperations::test_map_subtract
FAILED tests/test_deliverable_6_comprehensive.py::TestMapOperations::test_map_divide
FAILED tests/test_deliverable_6_comprehensive.py::TestReduceOperations::test_reduce_max
FAILED tests/test_deliverable_6_comprehensive.py::TestReduceOperations::test_reduce_min
FAILED tests/test_deliverable_6_comprehensive.py::TestFilterOperations::test_filter_greater_than
FAILED tests/test_deliverable_6_comprehensive.py::TestFilterOperations::test_filter_less_than
FAILED tests/test_deliverable_6_comprehensive.py::TestFilterOperations::test_filter_equals
FAILED tests/test_deliverable_6_comprehensive.py::TestFilterOperations::test_filter_no_matches
FAILED tests/test_deliverable_6_comprehensive.py::TestCompositionOperations::test_map_then_reduce
FAILED tests/test_deliverable_6_comprehensive.py::TestCompositionOperations::test_sort_then_compute
FAILED tests/test_deliverable_6_comprehensive.py::TestCompositionOperations::test_filter_then_map
FAILED tests/test_deliverable_6_comprehensive.py::TestAmbiguityHandling::test_composition_order_disambiguation
FAILED tests/test_deliverable_6_comprehensive.py::TestEdgeCases::test_map_divide_by_zero
FAILED tests/test_deliverable_6_comprehensive.py::TestEdgeCases::test_negative_numbers
FAILED tests/test_deliverable_6_comprehensive.py::TestIntegration::test_complex_data_pipeline
FAILED tests/test_deliverable_6_comprehensive.py::TestIntegration::test_conditional_with_computation
18 failed, 64 passed, 10 warnings in 9.79s
